
> smart-plant-watering@0.1.0 build
> react-scripts build

Creating an optimized production build...
Compiled with warnings.

[eslint] 
src\components\AuditLog.jsx
  Line 17:6:  React Hook useEffect has a missing dependency: 'applyFilters'. Either include it or remove the dependency array  react-hooks/exhaustive-deps
  Line 21:6:  React Hook useEffect has a missing dependency: 'applyFilters'. Either include it or remove the dependency array  react-hooks/exhaustive-deps

src\components\WateringAnalytics.jsx
  Line 26:7:   'calculateEfficiency' was used before it was defined                                                                                                                                                                                                   no-use-before-define
  Line 26:28:  'generateFrequencyData' was used before it was defined                                                                                                                                                                                                 no-use-before-define
  Line 26:51:  'getLeastWateredPlant' was used before it was defined                                                                                                                                                                                                  no-use-before-define
  Line 26:73:  'getMostWateredPlant' was used before it was defined                                                                                                                                                                                                   no-use-before-define
  Line 28:9:   The 'getMostWateredPlant' function makes the dependencies of useEffect Hook (at line 26) change on every render. Move it inside the useEffect callback. Alternatively, wrap the definition of 'getMostWateredPlant' in its own useCallback() Hook      react-hooks/exhaustive-deps
  Line 42:9:   The 'getLeastWateredPlant' function makes the dependencies of useEffect Hook (at line 26) change on every render. Move it inside the useEffect callback. Alternatively, wrap the definition of 'getLeastWateredPlant' in its own useCallback() Hook    react-hooks/exhaustive-deps
  Line 60:9:   The 'calculateEfficiency' function makes the dependencies of useEffect Hook (at line 26) change on every render. Move it inside the useEffect callback. Alternatively, wrap the definition of 'calculateEfficiency' in its own useCallback() Hook      react-hooks/exhaustive-deps
  Line 66:9:   The 'generateFrequencyData' function makes the dependencies of useEffect Hook (at line 26) change on every render. Move it inside the useEffect callback. Alternatively, wrap the definition of 'generateFrequencyData' in its own useCallback() Hook  react-hooks/exhaustive-deps

src\pages\AllUsersPlants.jsx
  Line 24:6:  React Hook useEffect has a missing dependency: 'applyFilters'. Either include it or remove the dependency array  react-hooks/exhaustive-deps
  Line 28:6:  React Hook useEffect has a missing dependency: 'applyFilters'. Either include it or remove the dependency array  react-hooks/exhaustive-deps

Search for the keywords to learn more about each warning.
To ignore, add // eslint-disable-next-line to the line before.

File sizes after gzip:

  109.09 kB  build\static\js\main.e4061cce.js
  19.55 kB   build\static\css\main.5b69699a.css
  1.77 kB    build\static\js\453.c45d491a.chunk.js

The project was built assuming it is hosted at /.
You can control this with the homepage field in your package.json.

The build folder is ready to be deployed.
You may serve it with a static server:

  npm install -g serve
  serve -s build

Find out more about deployment here:

  https://cra.link/deployment

